// Vitest Snapshot v1, https://vitest.dev/guide/snapshot.html

exports[`cellValueToString test > IOpenLink->string 1`] = `"1"`;

exports[`cellValueToString test > IOpenLocation->string 1`] = `"深圳湾创新科技中心，广东深圳南山科苑地铁站C出口"`;

exports[`cellValueToString test > IOpenMultiSelect->string 1`] = `"选项1,选项2"`;

exports[`cellValueToString test > IOpenSegment->string 1`] = `"Hello worldhttps://feishu.cn@李健未命名多维表格"`;

exports[`cellValueToString test > IOpenSingleSelect->string 1`] = `"选项1"`;

exports[`cellValueToString test > IOpenUser->string 1`] = `"@李健"`;

exports[`cellValueToString test > TimeStamp->string 1`] = `"1614048000000"`;

exports[`cellValueToString test > checkbox->string 1`] = `"☑️"`;

exports[`cellValueToString test > number->string 1`] = `"1"`;
