// Vitest Snapshot v1, https://vitest.dev/guide/snapshot.html

exports[`currency > should return number 1`] = `123456789`;
