// Vitest Snapshot v1, https://vitest.dev/guide/snapshot.html

exports[`dateTime > should return TimeStamp 1`] = `1577808000000`;
