// Vitest Snapshot v1, https://vitest.dev/guide/snapshot.html

exports[`multiSelect > should return IOpenMultiSelect 1`] = `
[
  {
    "id": "optxxx1",
    "text": "选项1",
  },
  {
    "id": "optxxx2",
    "text": "选项2",
  },
  {
    "id": "optxxx3",
    "text": "选项3",
  },
]
`;
