// Vitest Snapshot v1, https://vitest.dev/guide/snapshot.html

exports[`phone > should return string 1`] = `"123456789"`;
