// Vitest Snapshot v1, https://vitest.dev/guide/snapshot.html

exports[`progress > should return number 1`] = `0.1`;
