// Vitest Snapshot v1, https://vitest.dev/guide/snapshot.html

exports[`text > should return IOpenSegment[] 1`] = `
[
  {
    "text": "Hello world",
    "type": "text",
  },
]
`;
